[usmanarif.netlify.app/index.html]
[backblue.gif]
[fade.gif]
[index.html]
[usmanarif.netlify.app/assets/images/logo.png]
[usmanarif.netlify.app/lib/boxicons-2.1.4/css/boxicons.min.css]
[usmanarif.netlify.app/scss/style.css]
[usmanarif.netlify.app/lib/bootstrap-5.3.2-dist/css/bootstrap.min.css]
[usmanarif.netlify.app/dark.html]
[usmanarif.netlify.app/assets/images/demos/dark-mode.png]
[usmanarif.netlify.app/light.html]
[usmanarif.netlify.app/assets/images/demos/light-mode.png]
[usmanarif.netlify.app/assets/images/new.png]
[usmanarif.netlify.app/rtldark.html]
[usmanarif.netlify.app/assets/images/demos/rtl-dark.png]
[usmanarif.netlify.app/rtllight.html]
[usmanarif.netlify.app/assets/images/demos/rtl-light.png]
[usmanarif.netlify.app/index.html]
[usmanarif.netlify.app/lib/bootstrap-5.3.2-dist/js/bootstrap.min.js]
[usmanarif.netlify.app/lib/boxicons-2.1.4/fonts/boxicons.woff2]
[usmanarif.netlify.app/lib/boxicons-2.1.4/fonts/boxicons.eot]
[usmanarif.netlify.app/lib/boxicons-2.1.4/css/boxicons.min.css]
[usmanarif.netlify.app/scss/style.css]
[usmanarif.netlify.app/lib/bootstrap-5.3.2-dist/css/bootstrap.min.css]
[usmanarif.netlify.app/lib/aos-master/dist/aos.css]
[usmanarif.netlify.app/scss/dark.css]
[usmanarif.netlify.app/assets/images/profile_pic.png]
[usmanarif.netlify.app/assets/images/profile_pic1.png]
[usmanarif.netlify.app/assets/images/portfolio/pic_1.png]
[usmanarif.netlify.app/assets/images/portfolio/pic_3.png]
[usmanarif.netlify.app/assets/images/portfolio/pic_4.png]
[usmanarif.netlify.app/assets/images/portfolio/pic_5.png]
[usmanarif.netlify.app/assets/images/portfolio/pic_6.png]
[usmanarif.netlify.app/lib/aos-master/dist/aos.js]
[usmanarif.netlify.app/dark.html]
[usmanarif.netlify.app/js/script.js]
[usmanarif.netlify.app/light.html]
[usmanarif.netlify.app/scss/light.css]
[usmanarif.netlify.app/rtldark.html]
[usmanarif.netlify.app/scss/rtl_dark.css]
[usmanarif.netlify.app/rtllight.html]
[usmanarif.netlify.app/scss/rtl_light.css]
[usmanarif.netlify.app/lib/aos-master/dist/aos.css]
[usmanarif.netlify.app/lib/boxicons-2.1.4/fonts/boxicons.ttf]
[usmanarif.netlify.app/lib/boxicons-2.1.4/fonts/boxicons.woff]
[usmanarif.netlify.app/lib/boxicons-2.1.4/fonts/boxiconsd41d.svg]
[usmanarif.netlify.app/assets/images/bg1.png]
[usmanarif.netlify.app/assets/images/contact-background.png]
[usmanarif.netlify.app/scss/dark.css]
[usmanarif.netlify.app/scss/light.css]
[usmanarif.netlify.app/scss/rtl_dark.css]
[usmanarif.netlify.app/scss/rtl_light.css]
[usmanarif.netlify.app/lib/boxicons-2.1.4/fonts/boxiconsd41d.svg]
[usmanarif.netlify.app/assets/loading/spinner.svg]
[usmanarif.netlify.app/assets/images/portfolio/pic_2.png]
[usmanarif.netlify.app/lib/package/dist/typed.umd.js]
